------------------------------------------------------------
TimeQuest Timing Analyzer Summary
------------------------------------------------------------

Type  : Slow 1200mV 85C Model Setup 'inst2|altpll_component|auto_generated|pll1|clk[0]'
Slack : -8.097
TNS   : -146.531

Type  : Slow 1200mV 85C Model Hold 'inst2|altpll_component|auto_generated|pll1|clk[0]'
Slack : 0.357
TNS   : 0.000

Type  : Slow 1200mV 85C Model Minimum Pulse Width 'inst2|altpll_component|auto_generated|pll1|clk[0]'
Slack : -1.612
TNS   : -31.942

Type  : Slow 1200mV 85C Model Minimum Pulse Width 'in_clk'
Slack : 9.836
TNS   : 0.000

Type  : Slow 1200mV 0C Model Setup 'inst2|altpll_component|auto_generated|pll1|clk[0]'
Slack : -7.473
TNS   : -130.612

Type  : Slow 1200mV 0C Model Hold 'inst2|altpll_component|auto_generated|pll1|clk[0]'
Slack : 0.312
TNS   : 0.000

Type  : Slow 1200mV 0C Model Minimum Pulse Width 'inst2|altpll_component|auto_generated|pll1|clk[0]'
Slack : -1.612
TNS   : -31.942

Type  : Slow 1200mV 0C Model Minimum Pulse Width 'in_clk'
Slack : 9.825
TNS   : 0.000

Type  : Fast 1200mV 0C Model Setup 'inst2|altpll_component|auto_generated|pll1|clk[0]'
Slack : -4.741
TNS   : -70.112

Type  : Fast 1200mV 0C Model Hold 'inst2|altpll_component|auto_generated|pll1|clk[0]'
Slack : 0.184
TNS   : 0.000

Type  : Fast 1200mV 0C Model Minimum Pulse Width 'inst2|altpll_component|auto_generated|pll1|clk[0]'
Slack : -0.438
TNS   : -9.636

Type  : Fast 1200mV 0C Model Minimum Pulse Width 'in_clk'
Slack : 9.612
TNS   : 0.000

------------------------------------------------------------
